
Allocating common symbols
Common symbol       size              file

tm_int_usb_vcp_buf_in
                    0x4               ..\obj\tm_stm32f4_usb_vcp.o
tm_int_usb_vcp_buf_num
                    0x4               ..\obj\tm_stm32f4_usb_vcp.o
tm_int_usb_vcp_buf_out
                    0x4               ..\obj\tm_stm32f4_usb_vcp.o
SET_TEST_MODE       0x4               ..\obj\usbd_core.o
TM_INT_USB_VCP_ReceiveBuffer
                    0x80              ..\obj\tm_stm32f4_usb_vcp.o
buff                0x1               ..\obj\main.o
usbd_cdc_OtherCfgDesc
                    0x43              ..\obj\usbd_cdc_core.o
USB_Rx_Buffer       0x40              ..\obj\usbd_cdc_core.o
CmdBuff             0x8               ..\obj\usbd_cdc_core.o
USB_OTG_dev         0x5f4             ..\obj\tm_stm32f4_usb_vcp.o
APP_Rx_Buffer       0x800             ..\obj\usbd_cdc_core.o
USBD_StrDesc        0xff              ..\obj\usbd_req.o

Discarded input sections

 .text          0x00000000        0x0 ..\obj\usb_core.o
 .data          0x00000000        0x0 ..\obj\usb_core.o
 .bss           0x00000000        0x0 ..\obj\usb_core.o
 .text.USB_OTG_IsHostMode
                0x00000000       0x24 ..\obj\usb_core.o
 .text.USB_OTG_ReadOtgItr
                0x00000000       0x18 ..\obj\usb_core.o
 .text.USB_OTG_ActiveRemoteWakeup
                0x00000000       0x90 ..\obj\usb_core.o
 .text.USB_OTG_UngateClock
                0x00000000       0x54 ..\obj\usb_core.o
 .text.USB_OTG_StopDevice
                0x00000000       0x80 ..\obj\usb_core.o
 .text.USB_OTG_GetEPStatus
                0x00000000       0xac ..\obj\usb_core.o
 .text.USB_OTG_SetEPStatus
                0x00000000      0x12c ..\obj\usb_core.o
 .text          0x00000000        0x0 ..\obj\usbd_usr.o
 .bss           0x00000000        0x0 ..\obj\usbd_usr.o
 .text.USBD_User_GetStatus
                0x00000000       0x14 ..\obj\usbd_usr.o
 .text          0x00000000        0x0 ..\obj\stm32f4xx_usart.o
 .data          0x00000000        0x0 ..\obj\stm32f4xx_usart.o
 .bss           0x00000000        0x0 ..\obj\stm32f4xx_usart.o
 .text.USART_DeInit
                0x00000000       0xd4 ..\obj\stm32f4xx_usart.o
 .text.USART_StructInit
                0x00000000       0x38 ..\obj\stm32f4xx_usart.o
 .text.USART_ClockInit
                0x00000000       0x54 ..\obj\stm32f4xx_usart.o
 .text.USART_ClockStructInit
                0x00000000       0x2c ..\obj\stm32f4xx_usart.o
 .text.USART_SetPrescaler
                0x00000000       0x38 ..\obj\stm32f4xx_usart.o
 .text.USART_OverSampling8Cmd
                0x00000000       0x44 ..\obj\stm32f4xx_usart.o
 .text.USART_OneBitMethodCmd
                0x00000000       0x40 ..\obj\stm32f4xx_usart.o
 .text.USART_SendData
                0x00000000       0x24 ..\obj\stm32f4xx_usart.o
 .text.USART_ReceiveData
                0x00000000       0x20 ..\obj\stm32f4xx_usart.o
 .text.USART_SetAddress
                0x00000000       0x38 ..\obj\stm32f4xx_usart.o
 .text.USART_ReceiverWakeUpCmd
                0x00000000       0x40 ..\obj\stm32f4xx_usart.o
 .text.USART_WakeUpConfig
                0x00000000       0x38 ..\obj\stm32f4xx_usart.o
 .text.USART_LINBreakDetectLengthConfig
                0x00000000       0x38 ..\obj\stm32f4xx_usart.o
 .text.USART_LINCmd
                0x00000000       0x40 ..\obj\stm32f4xx_usart.o
 .text.USART_SendBreak
                0x00000000       0x24 ..\obj\stm32f4xx_usart.o
 .text.USART_HalfDuplexCmd
                0x00000000       0x40 ..\obj\stm32f4xx_usart.o
 .text.USART_SetGuardTime
                0x00000000       0x3c ..\obj\stm32f4xx_usart.o
 .text.USART_SmartCardCmd
                0x00000000       0x40 ..\obj\stm32f4xx_usart.o
 .text.USART_SmartCardNACKCmd
                0x00000000       0x40 ..\obj\stm32f4xx_usart.o
 .text.USART_IrDAConfig
                0x00000000       0x38 ..\obj\stm32f4xx_usart.o
 .text.USART_IrDACmd
                0x00000000       0x40 ..\obj\stm32f4xx_usart.o
 .text.USART_DMACmd
                0x00000000       0x48 ..\obj\stm32f4xx_usart.o
 .text.USART_GetFlagStatus
                0x00000000       0x38 ..\obj\stm32f4xx_usart.o
 .text.USART_ClearFlag
                0x00000000       0x20 ..\obj\stm32f4xx_usart.o
 .text.USART_GetITStatus
                0x00000000       0xb4 ..\obj\stm32f4xx_usart.o
 .text.USART_ClearITPendingBit
                0x00000000       0x38 ..\obj\stm32f4xx_usart.o
 .text          0x00000000        0x0 ..\obj\startup_stm32f4xx.o
 .data          0x00000000        0x0 ..\obj\startup_stm32f4xx.o
 .bss           0x00000000        0x0 ..\obj\startup_stm32f4xx.o
 .text          0x00000000        0x0 ..\obj\usbd_core.o
 .bss           0x00000000        0x0 ..\obj\usbd_core.o
 .text          0x00000000        0x0 ..\obj\main.o
 .data          0x00000000        0x0 ..\obj\main.o
 .bss           0x00000000        0x0 ..\obj\main.o
 .text.USART_SendString
                0x00000000       0x40 ..\obj\main.o
 .text          0x00000000        0x0 ..\obj\stm32f4xx_rcc.o
 .bss           0x00000000        0x0 ..\obj\stm32f4xx_rcc.o
 .text.RCC_DeInit
                0x00000000       0x50 ..\obj\stm32f4xx_rcc.o
 .text.RCC_AdjustHSICalibrationValue
                0x00000000       0x3c ..\obj\stm32f4xx_rcc.o
 .text.RCC_HSICmd
                0x00000000       0x20 ..\obj\stm32f4xx_rcc.o
 .text.RCC_LSEConfig
                0x00000000       0x40 ..\obj\stm32f4xx_rcc.o
 .text.RCC_LSICmd
                0x00000000       0x20 ..\obj\stm32f4xx_rcc.o
 .text.RCC_PLLConfig
                0x00000000       0x3c ..\obj\stm32f4xx_rcc.o
 .text.RCC_PLLCmd
                0x00000000       0x20 ..\obj\stm32f4xx_rcc.o
 .text.RCC_PLLI2SConfig
                0x00000000       0x28 ..\obj\stm32f4xx_rcc.o
 .text.RCC_PLLI2SCmd
                0x00000000       0x20 ..\obj\stm32f4xx_rcc.o
 .text.RCC_ClockSecuritySystemCmd
                0x00000000       0x20 ..\obj\stm32f4xx_rcc.o
 .text.RCC_MCO1Config
                0x00000000       0x3c ..\obj\stm32f4xx_rcc.o
 .text.RCC_MCO2Config
                0x00000000       0x3c ..\obj\stm32f4xx_rcc.o
 .text.RCC_SYSCLKConfig
                0x00000000       0x38 ..\obj\stm32f4xx_rcc.o
 .text.RCC_GetSYSCLKSource
                0x00000000       0x1c ..\obj\stm32f4xx_rcc.o
 .text.RCC_HCLKConfig
                0x00000000       0x38 ..\obj\stm32f4xx_rcc.o
 .text.RCC_PCLK1Config
                0x00000000       0x38 ..\obj\stm32f4xx_rcc.o
 .text.RCC_PCLK2Config
                0x00000000       0x38 ..\obj\stm32f4xx_rcc.o
 .text.RCC_RTCCLKConfig
                0x00000000       0x5c ..\obj\stm32f4xx_rcc.o
 .text.RCC_RTCCLKCmd
                0x00000000       0x20 ..\obj\stm32f4xx_rcc.o
 .text.RCC_BackupResetCmd
                0x00000000       0x20 ..\obj\stm32f4xx_rcc.o
 .text.RCC_I2SCLKConfig
                0x00000000       0x1c ..\obj\stm32f4xx_rcc.o
 .text.RCC_AHB3PeriphClockCmd
                0x00000000       0x3c ..\obj\stm32f4xx_rcc.o
 .text.RCC_AHB1PeriphResetCmd
                0x00000000       0x3c ..\obj\stm32f4xx_rcc.o
 .text.RCC_AHB2PeriphResetCmd
                0x00000000       0x3c ..\obj\stm32f4xx_rcc.o
 .text.RCC_AHB3PeriphResetCmd
                0x00000000       0x3c ..\obj\stm32f4xx_rcc.o
 .text.RCC_APB1PeriphResetCmd
                0x00000000       0x3c ..\obj\stm32f4xx_rcc.o
 .text.RCC_APB2PeriphResetCmd
                0x00000000       0x3c ..\obj\stm32f4xx_rcc.o
 .text.RCC_AHB1PeriphClockLPModeCmd
                0x00000000       0x3c ..\obj\stm32f4xx_rcc.o
 .text.RCC_AHB2PeriphClockLPModeCmd
                0x00000000       0x3c ..\obj\stm32f4xx_rcc.o
 .text.RCC_AHB3PeriphClockLPModeCmd
                0x00000000       0x3c ..\obj\stm32f4xx_rcc.o
 .text.RCC_APB1PeriphClockLPModeCmd
                0x00000000       0x3c ..\obj\stm32f4xx_rcc.o
 .text.RCC_APB2PeriphClockLPModeCmd
                0x00000000       0x3c ..\obj\stm32f4xx_rcc.o
 .text.RCC_ITConfig
                0x00000000       0x4c ..\obj\stm32f4xx_rcc.o
 .text.RCC_ClearFlag
                0x00000000       0x1c ..\obj\stm32f4xx_rcc.o
 .text.RCC_GetITStatus
                0x00000000       0x34 ..\obj\stm32f4xx_rcc.o
 .text.RCC_ClearITPendingBit
                0x00000000       0x20 ..\obj\stm32f4xx_rcc.o
 .text          0x00000000        0x0 ..\obj\printf.o
 .data          0x00000000      0x42c ..\obj\printf.o
 .bss           0x00000000        0x0 ..\obj\printf.o
 .text.PrintChar
                0x00000000       0x14 ..\obj\printf.o
 .text.snprintf
                0x00000000       0x30 ..\obj\printf.o
 .rodata        0x00000000       0x24 ..\obj\printf.o
 .text.vfprintf
                0x00000000       0x68 ..\obj\printf.o
 .text.vprintf  0x00000000       0x28 ..\obj\printf.o
 .text.fprintf  0x00000000       0x2c ..\obj\printf.o
 .text.printf   0x00000000       0x28 ..\obj\printf.o
 .text.puts     0x00000000       0x24 ..\obj\printf.o
 .text.fputc    0x00000000       0x40 ..\obj\printf.o
 .text.fputs    0x00000000       0x48 ..\obj\printf.o
 .text          0x00000000        0x0 ..\obj\usbd_desc.o
 .bss           0x00000000        0x0 ..\obj\usbd_desc.o
 .text          0x00000000        0x0 ..\obj\tm_stm32f4_usb_vcp.o
 .data          0x00000000        0x0 ..\obj\tm_stm32f4_usb_vcp.o
 .text.TM_USB_VCP_BufferEmpty
                0x00000000       0x20 ..\obj\tm_stm32f4_usb_vcp.o
 .text.TM_USB_VCP_BufferFull
                0x00000000       0x20 ..\obj\tm_stm32f4_usb_vcp.o
 .text.TM_USB_VCP_FindCharacter
                0x00000000       0x60 ..\obj\tm_stm32f4_usb_vcp.o
 .text.TM_USB_VCP_Puts
                0x00000000       0x2c ..\obj\tm_stm32f4_usb_vcp.o
 .text.TM_USB_VCP_Send
                0x00000000       0x1c ..\obj\tm_stm32f4_usb_vcp.o
 .text.TM_USB_VCP_Gets
                0x00000000       0x88 ..\obj\tm_stm32f4_usb_vcp.o
 .text.TM_USB_VCP_GetStatus
                0x00000000       0x24 ..\obj\tm_stm32f4_usb_vcp.o
 .text.TM_USB_VCP_GetSettings
                0x00000000       0x48 ..\obj\tm_stm32f4_usb_vcp.o
 .text          0x00000000        0x0 ..\obj\stm32f4xx_gpio.o
 .data          0x00000000        0x0 ..\obj\stm32f4xx_gpio.o
 .bss           0x00000000        0x0 ..\obj\stm32f4xx_gpio.o
 .text.GPIO_DeInit
                0x00000000      0x120 ..\obj\stm32f4xx_gpio.o
 .text.GPIO_StructInit
                0x00000000       0x34 ..\obj\stm32f4xx_gpio.o
 .text.GPIO_PinLockConfig
                0x00000000       0x44 ..\obj\stm32f4xx_gpio.o
 .text.GPIO_ReadInputDataBit
                0x00000000       0x34 ..\obj\stm32f4xx_gpio.o
 .text.GPIO_ReadInputData
                0x00000000       0x18 ..\obj\stm32f4xx_gpio.o
 .text.GPIO_ReadOutputDataBit
                0x00000000       0x34 ..\obj\stm32f4xx_gpio.o
 .text.GPIO_ReadOutputData
                0x00000000       0x18 ..\obj\stm32f4xx_gpio.o
 .text.GPIO_SetBits
                0x00000000       0x1c ..\obj\stm32f4xx_gpio.o
 .text.GPIO_ResetBits
                0x00000000       0x1c ..\obj\stm32f4xx_gpio.o
 .text.GPIO_WriteBit
                0x00000000       0x30 ..\obj\stm32f4xx_gpio.o
 .text.GPIO_Write
                0x00000000       0x1c ..\obj\stm32f4xx_gpio.o
 .text.GPIO_ToggleBits
                0x00000000       0x24 ..\obj\stm32f4xx_gpio.o
 .text          0x00000000        0x0 ..\obj\usbd_cdc_vcp.o
 .bss           0x00000000        0x0 ..\obj\usbd_cdc_vcp.o
 .text          0x00000000        0x0 ..\obj\system_stm32f4xx.o
 .bss           0x00000000        0x0 ..\obj\system_stm32f4xx.o
 .text.SystemCoreClockUpdate
                0x00000000       0xf8 ..\obj\system_stm32f4xx.o
 .text          0x00000000        0x0 ..\obj\syscalls.o
 .data          0x00000000        0x0 ..\obj\syscalls.o
 .bss           0x00000000        0x4 ..\obj\syscalls.o
 .text._sbrk    0x00000000       0x3c ..\obj\syscalls.o
 .text.link     0x00000000       0x18 ..\obj\syscalls.o
 .text._close   0x00000000       0x18 ..\obj\syscalls.o
 .text._fstat   0x00000000       0x20 ..\obj\syscalls.o
 .text._isatty  0x00000000       0x14 ..\obj\syscalls.o
 .text._lseek   0x00000000       0x18 ..\obj\syscalls.o
 .text._read    0x00000000       0x18 ..\obj\syscalls.o
 .text._write   0x00000000       0x18 ..\obj\syscalls.o
 .text.abort    0x00000000        0x8 ..\obj\syscalls.o
 .debug_info    0x00000000      0x458 ..\obj\syscalls.o
 .debug_abbrev  0x00000000       0xe5 ..\obj\syscalls.o
 .debug_aranges
                0x00000000       0x60 ..\obj\syscalls.o
 .debug_ranges  0x00000000       0x50 ..\obj\syscalls.o
 .debug_line    0x00000000      0x1ab ..\obj\syscalls.o
 .debug_str     0x00000000      0x31c ..\obj\syscalls.o
 .comment       0x00000000       0x6f ..\obj\syscalls.o
 .debug_frame   0x00000000      0x168 ..\obj\syscalls.o
 .ARM.attributes
                0x00000000       0x33 ..\obj\syscalls.o
 .text          0x00000000        0x0 ..\obj\usb_bsp.o
 .data          0x00000000        0x0 ..\obj\usb_bsp.o
 .bss           0x00000000        0x0 ..\obj\usb_bsp.o
 .text          0x00000000        0x0 ..\obj\usbd_req.o
 .data          0x00000000        0x0 ..\obj\usbd_req.o
 .text          0x00000000        0x0 ..\obj\usb_dcd_int.o
 .data          0x00000000        0x0 ..\obj\usb_dcd_int.o
 .bss           0x00000000        0x0 ..\obj\usb_dcd_int.o
 .text          0x00000000        0x0 ..\obj\usbd_cdc_core.o
 .text          0x00000000        0x0 ..\obj\stm32f4xx_exti.o
 .data          0x00000000        0x0 ..\obj\stm32f4xx_exti.o
 .bss           0x00000000        0x0 ..\obj\stm32f4xx_exti.o
 .text.EXTI_DeInit
                0x00000000       0x34 ..\obj\stm32f4xx_exti.o
 .text.EXTI_Init
                0x00000000       0xe4 ..\obj\stm32f4xx_exti.o
 .text.EXTI_StructInit
                0x00000000       0x2c ..\obj\stm32f4xx_exti.o
 .text.EXTI_GenerateSWInterrupt
                0x00000000       0x24 ..\obj\stm32f4xx_exti.o
 .text.EXTI_GetFlagStatus
                0x00000000       0x34 ..\obj\stm32f4xx_exti.o
 .text.EXTI_ClearFlag
                0x00000000       0x1c ..\obj\stm32f4xx_exti.o
 .text.EXTI_GetITStatus
                0x00000000       0x48 ..\obj\stm32f4xx_exti.o
 .text          0x00000000        0x0 ..\obj\misc.o
 .data          0x00000000        0x0 ..\obj\misc.o
 .bss           0x00000000        0x0 ..\obj\misc.o
 .text.NVIC_SetVectorTable
                0x00000000       0x2c ..\obj\misc.o
 .text.NVIC_SystemLPConfig
                0x00000000       0x40 ..\obj\misc.o
 .text.SysTick_CLKSourceConfig
                0x00000000       0x38 ..\obj\misc.o
 .text          0x00000000        0x0 ..\obj\usb_dcd.o
 .data          0x00000000        0x0 ..\obj\usb_dcd.o
 .bss           0x00000000        0x0 ..\obj\usb_dcd.o
 .text.DCD_EP_Flush
                0x00000000       0x34 ..\obj\usb_dcd.o
 .text.DCD_DevConnect
                0x00000000       0x30 ..\obj\usb_dcd.o
 .text.DCD_DevDisconnect
                0x00000000       0x30 ..\obj\usb_dcd.o
 .text.DCD_GetEPStatus
                0x00000000       0x60 ..\obj\usb_dcd.o
 .text.DCD_SetEPStatus
                0x00000000       0x5c ..\obj\usb_dcd.o
 .text          0x00000000        0x0 ..\obj\usbd_ioreq.o
 .data          0x00000000        0x0 ..\obj\usbd_ioreq.o
 .bss           0x00000000        0x0 ..\obj\usbd_ioreq.o
 .text.USBD_GetRxCount
                0x00000000       0x2c ..\obj\usbd_ioreq.o

Memory Configuration

Name             Origin             Length             Attributes
rom              0x08000000         0x00100000         xr
ram              0x20000000         0x00020000         xrw
ram1             0x10000000         0x00010000         xrw
*default*        0x00000000         0xffffffff

Linker script and memory map

                0x20020000                _eram = 0x20020000

.text           0x08000000     0x4ca6
 *(.isr_vector)
 .isr_vector    0x08000000      0x188 ..\obj\startup_stm32f4xx.o
                0x08000000                g_pfnVectors
 *(.text*)
 .text.USB_OTG_EnableCommonInt
                0x08000188       0x44 ..\obj\usb_core.o
 .text.USB_OTG_CoreReset
                0x080001cc       0x90 ..\obj\usb_core.o
 .text.USB_OTG_WritePacket
                0x0800025c       0x74 ..\obj\usb_core.o
                0x0800025c                USB_OTG_WritePacket
 .text.USB_OTG_ReadPacket
                0x080002d0       0x58 ..\obj\usb_core.o
                0x080002d0                USB_OTG_ReadPacket
 .text.USB_OTG_SelectCore
                0x08000328      0x174 ..\obj\usb_core.o
                0x08000328                USB_OTG_SelectCore
 .text.USB_OTG_CoreInit
                0x0800049c      0x13c ..\obj\usb_core.o
                0x0800049c                USB_OTG_CoreInit
 .text.USB_OTG_EnableGlobalInt
                0x080005d8       0x34 ..\obj\usb_core.o
                0x080005d8                USB_OTG_EnableGlobalInt
 .text.USB_OTG_DisableGlobalInt
                0x0800060c       0x38 ..\obj\usb_core.o
                0x0800060c                USB_OTG_DisableGlobalInt
 .text.USB_OTG_FlushTxFifo
                0x08000644       0x74 ..\obj\usb_core.o
                0x08000644                USB_OTG_FlushTxFifo
 .text.USB_OTG_FlushRxFifo
                0x080006b8       0x60 ..\obj\usb_core.o
                0x080006b8                USB_OTG_FlushRxFifo
 .text.USB_OTG_SetCurrentMode
                0x08000718       0x60 ..\obj\usb_core.o
                0x08000718                USB_OTG_SetCurrentMode
 .text.USB_OTG_GetMode
                0x08000778       0x1c ..\obj\usb_core.o
                0x08000778                USB_OTG_GetMode
 .text.USB_OTG_IsDeviceMode
                0x08000794       0x24 ..\obj\usb_core.o
                0x08000794                USB_OTG_IsDeviceMode
 .text.USB_OTG_ReadCoreItr
                0x080007b8       0x2c ..\obj\usb_core.o
                0x080007b8                USB_OTG_ReadCoreItr
 .text.USB_OTG_InitDevSpeed
                0x080007e4       0x38 ..\obj\usb_core.o
                0x080007e4                USB_OTG_InitDevSpeed
 .text.USB_OTG_CoreInitDev
                0x0800081c      0x264 ..\obj\usb_core.o
                0x0800081c                USB_OTG_CoreInitDev
 .text.USB_OTG_EnableDevInt
                0x08000a80       0x98 ..\obj\usb_core.o
                0x08000a80                USB_OTG_EnableDevInt
 .text.USB_OTG_GetDeviceSpeed
                0x08000b18       0x48 ..\obj\usb_core.o
                0x08000b18                USB_OTG_GetDeviceSpeed
 .text.USB_OTG_EP0Activate
                0x08000b60       0x74 ..\obj\usb_core.o
                0x08000b60                USB_OTG_EP0Activate
 .text.USB_OTG_EPActivate
                0x08000bd4       0xdc ..\obj\usb_core.o
                0x08000bd4                USB_OTG_EPActivate
 .text.USB_OTG_EPDeactivate
                0x08000cb0       0x88 ..\obj\usb_core.o
                0x08000cb0                USB_OTG_EPDeactivate
 .text.USB_OTG_EPStartXfer
                0x08000d38      0x280 ..\obj\usb_core.o
                0x08000d38                USB_OTG_EPStartXfer
 .text.USB_OTG_EP0StartXfer
                0x08000fb8      0x1d4 ..\obj\usb_core.o
                0x08000fb8                USB_OTG_EP0StartXfer
 .text.USB_OTG_EPSetStall
                0x0800118c       0x84 ..\obj\usb_core.o
                0x0800118c                USB_OTG_EPSetStall
 .text.USB_OTG_EPClearStall
                0x08001210       0x74 ..\obj\usb_core.o
                0x08001210                USB_OTG_EPClearStall
 .text.USB_OTG_ReadDevAllOutEp_itr
                0x08001284       0x2c ..\obj\usb_core.o
                0x08001284                USB_OTG_ReadDevAllOutEp_itr
 .text.USB_OTG_ReadDevOutEP_itr
                0x080012b0       0x34 ..\obj\usb_core.o
                0x080012b0                USB_OTG_ReadDevOutEP_itr
 .text.USB_OTG_ReadDevAllInEPItr
                0x080012e4       0x2c ..\obj\usb_core.o
                0x080012e4                USB_OTG_ReadDevAllInEPItr
 .text.USB_OTG_EP0_OutStart
                0x08001310       0x70 ..\obj\usb_core.o
                0x08001310                USB_OTG_EP0_OutStart
 .text.USBD_USR_Init
                0x08001380       0x18 ..\obj\usbd_usr.o
                0x08001380                USBD_USR_Init
 .text.USBD_USR_DeviceReset
                0x08001398       0x20 ..\obj\usbd_usr.o
                0x08001398                USBD_USR_DeviceReset
 .text.USBD_USR_DeviceConfigured
                0x080013b8       0x18 ..\obj\usbd_usr.o
                0x080013b8                USBD_USR_DeviceConfigured
 .text.USBD_USR_DeviceSuspended
                0x080013d0       0x18 ..\obj\usbd_usr.o
                0x080013d0                USBD_USR_DeviceSuspended
 .text.USBD_USR_DeviceResumed
                0x080013e8       0x18 ..\obj\usbd_usr.o
                0x080013e8                USBD_USR_DeviceResumed
 .text.USBD_USR_DeviceConnected
                0x08001400       0x18 ..\obj\usbd_usr.o
                0x08001400                USBD_USR_DeviceConnected
 .text.USBD_USR_DeviceDisconnected
                0x08001418       0x18 ..\obj\usbd_usr.o
                0x08001418                USBD_USR_DeviceDisconnected
 .text.USART_Init
                0x08001430      0x174 ..\obj\stm32f4xx_usart.o
                0x08001430                USART_Init
 .text.USART_Cmd
                0x080015a4       0x40 ..\obj\stm32f4xx_usart.o
                0x080015a4                USART_Cmd
 .text.USART_ITConfig
                0x080015e4       0x90 ..\obj\stm32f4xx_usart.o
                0x080015e4                USART_ITConfig
 .text.Default_Reset_Handler
                0x08001674       0x5c ..\obj\startup_stm32f4xx.o
                0x08001674                Default_Reset_Handler
                0x08001674                Reset_Handler
 .text.Default_Handler
                0x080016d0        0x8 ..\obj\startup_stm32f4xx.o
                0x080016d0                RTC_Alarm_IRQHandler
                0x080016d0                HASH_RNG_IRQHandler
                0x080016d0                EXTI2_IRQHandler
                0x080016d0                TIM8_CC_IRQHandler
                0x080016d0                DebugMon_Handler
                0x080016d0                TIM1_CC_IRQHandler
                0x080016d0                DMA2_Stream5_IRQHandler
                0x080016d0                HardFault_Handler
                0x080016d0                DMA1_Stream5_IRQHandler
                0x080016d0                SysTick_Handler
                0x080016d0                PVD_IRQHandler
                0x080016d0                SDIO_IRQHandler
                0x080016d0                TAMP_STAMP_IRQHandler
                0x080016d0                PendSV_Handler
                0x080016d0                NMI_Handler
                0x080016d0                CAN2_RX1_IRQHandler
                0x080016d0                EXTI3_IRQHandler
                0x080016d0                TIM8_TRG_COM_TIM14_IRQHandler
                0x080016d0                TIM1_UP_TIM10_IRQHandler
                0x080016d0                TIM8_UP_TIM13_IRQHandler
                0x080016d0                I2C3_ER_IRQHandler
                0x080016d0                EXTI0_IRQHandler
                0x080016d0                I2C2_EV_IRQHandler
                0x080016d0                DMA1_Stream2_IRQHandler
                0x080016d0                CAN1_RX0_IRQHandler
                0x080016d0                FPU_IRQHandler
                0x080016d0                OTG_HS_WKUP_IRQHandler
                0x080016d0                UsageFault_Handler
                0x080016d0                CAN2_SCE_IRQHandler
                0x080016d0                DMA2_Stream2_IRQHandler
                0x080016d0                SPI1_IRQHandler
                0x080016d0                TIM6_DAC_IRQHandler
                0x080016d0                TIM1_BRK_TIM9_IRQHandler
                0x080016d0                DCMI_IRQHandler
                0x080016d0                CAN2_RX0_IRQHandler
                0x080016d0                DMA2_Stream3_IRQHandler
                0x080016d0                USART6_IRQHandler
                0x080016d0                USART3_IRQHandler
                0x080016d0                CRYP_IRQHandler
                0x080016d0                CAN1_RX1_IRQHandler
                0x080016d0                UART5_IRQHandler
                0x080016d0                DMA2_Stream0_IRQHandler
                0x080016d0                TIM4_IRQHandler
                0x080016d0                I2C1_EV_IRQHandler
                0x080016d0                DMA1_Stream6_IRQHandler
                0x080016d0                DMA1_Stream1_IRQHandler
                0x080016d0                UART4_IRQHandler
                0x080016d0                TIM3_IRQHandler
                0x080016d0                RCC_IRQHandler
                0x080016d0                TIM8_BRK_TIM12_IRQHandler
                0x080016d0                EXTI15_10_IRQHandler
                0x080016d0                ADC_IRQHandler
                0x080016d0                DMA1_Stream7_IRQHandler
                0x080016d0                TIM7_IRQHandler
                0x080016d0                CAN2_TX_IRQHandler
                0x080016d0                TIM5_IRQHandler
                0x080016d0                DMA2_Stream7_IRQHandler
                0x080016d0                I2C3_EV_IRQHandler
                0x080016d0                EXTI9_5_IRQHandler
                0x080016d0                RTC_WKUP_IRQHandler
                0x080016d0                ETH_WKUP_IRQHandler
                0x080016d0                SPI2_IRQHandler
                0x080016d0                OTG_HS_EP1_IN_IRQHandler
                0x080016d0                MemManage_Handler
                0x080016d0                DMA1_Stream0_IRQHandler
                0x080016d0                CAN1_TX_IRQHandler
                0x080016d0                SVC_Handler
                0x080016d0                EXTI4_IRQHandler
                0x080016d0                FSMC_IRQHandler
                0x080016d0                ETH_IRQHandler
                0x080016d0                OTG_HS_EP1_OUT_IRQHandler
                0x080016d0                WWDG_IRQHandler
                0x080016d0                TIM2_IRQHandler
                0x080016d0                TIM1_TRG_COM_TIM11_IRQHandler
                0x080016d0                OTG_HS_IRQHandler
                0x080016d0                EXTI1_IRQHandler
                0x080016d0                USART2_IRQHandler
                0x080016d0                I2C2_ER_IRQHandler
                0x080016d0                DMA2_Stream1_IRQHandler
                0x080016d0                CAN1_SCE_IRQHandler
                0x080016d0                FLASH_IRQHandler
                0x080016d0                DMA2_Stream4_IRQHandler
                0x080016d0                BusFault_Handler
                0x080016d0                USART1_IRQHandler
                0x080016d0                SPI3_IRQHandler
                0x080016d0                DMA1_Stream4_IRQHandler
                0x080016d0                I2C1_ER_IRQHandler
                0x080016d0                DMA2_Stream6_IRQHandler
                0x080016d0                DMA1_Stream3_IRQHandler
 .text.USBD_Init
                0x080016d8       0x58 ..\obj\usbd_core.o
                0x080016d8                USBD_Init
 .text.USBD_DeInit
                0x08001730       0x14 ..\obj\usbd_core.o
                0x08001730                USBD_DeInit
 .text.USBD_SetupStage
                0x08001744       0x6c ..\obj\usbd_core.o
 .text.USBD_DataOutStage
                0x080017b0       0xcc ..\obj\usbd_core.o
 .text.USBD_DataInStage
                0x0800187c      0x11c ..\obj\usbd_core.o
 .text.USBD_RunTestMode
                0x08001998       0x24 ..\obj\usbd_core.o
 .text.USBD_Reset
                0x080019bc       0x44 ..\obj\usbd_core.o
 .text.USBD_Resume
                0x08001a00       0x30 ..\obj\usbd_core.o
 .text.USBD_Suspend
                0x08001a30       0x30 ..\obj\usbd_core.o
 .text.USBD_SOF
                0x08001a60       0x2c ..\obj\usbd_core.o
 .text.USBD_SetCfg
                0x08001a8c       0x30 ..\obj\usbd_core.o
                0x08001a8c                USBD_SetCfg
 .text.USBD_ClrCfg
                0x08001abc       0x28 ..\obj\usbd_core.o
                0x08001abc                USBD_ClrCfg
 .text.USBD_IsoINIncomplete
                0x08001ae4       0x20 ..\obj\usbd_core.o
 .text.USBD_IsoOUTIncomplete
                0x08001b04       0x20 ..\obj\usbd_core.o
 .text.USART3_init
                0x08001b24       0xc8 ..\obj\main.o
                0x08001b24                USART3_init
 .text.USART6_init
                0x08001bec       0xc0 ..\obj\main.o
                0x08001bec                USART6_init
 .text.main     0x08001cac       0x64 ..\obj\main.o
                0x08001cac                main
 .text.RCC_HSEConfig
                0x08001d10       0x24 ..\obj\stm32f4xx_rcc.o
                0x08001d10                RCC_HSEConfig
 .text.RCC_WaitForHSEStartUp
                0x08001d34       0x50 ..\obj\stm32f4xx_rcc.o
                0x08001d34                RCC_WaitForHSEStartUp
 .text.RCC_GetClocksFreq
                0x08001d84      0x154 ..\obj\stm32f4xx_rcc.o
                0x08001d84                RCC_GetClocksFreq
 .text.RCC_AHB1PeriphClockCmd
                0x08001ed8       0x3c ..\obj\stm32f4xx_rcc.o
                0x08001ed8                RCC_AHB1PeriphClockCmd
 .text.RCC_AHB2PeriphClockCmd
                0x08001f14       0x3c ..\obj\stm32f4xx_rcc.o
                0x08001f14                RCC_AHB2PeriphClockCmd
 .text.RCC_APB1PeriphClockCmd
                0x08001f50       0x3c ..\obj\stm32f4xx_rcc.o
                0x08001f50                RCC_APB1PeriphClockCmd
 .text.RCC_APB2PeriphClockCmd
                0x08001f8c       0x3c ..\obj\stm32f4xx_rcc.o
                0x08001f8c                RCC_APB2PeriphClockCmd
 .text.RCC_GetFlagStatus
                0x08001fc8       0x74 ..\obj\stm32f4xx_rcc.o
                0x08001fc8                RCC_GetFlagStatus
 .text.PutChar  0x0800203c       0x20 ..\obj\printf.o
                0x0800203c                PutChar
 .text.PutString
                0x0800205c       0x3c ..\obj\printf.o
                0x0800205c                PutString
 .text.PutUnsignedInt
                0x08002098       0x9c ..\obj\printf.o
                0x08002098                PutUnsignedInt
 .text.PutSignedInt
                0x08002134       0xf8 ..\obj\printf.o
                0x08002134                PutSignedInt
 .text.PutHexa  0x0800222c       0xd4 ..\obj\printf.o
                0x0800222c                PutHexa
 .text.vsnprintf
                0x08002300      0x254 ..\obj\printf.o
                0x08002300                vsnprintf
 .text.vsprintf
                0x08002554       0x24 ..\obj\printf.o
                0x08002554                vsprintf
 .text.sprintf  0x08002578       0x2c ..\obj\printf.o
                0x08002578                sprintf
 .text.USBD_USR_DeviceDescriptor
                0x080025a4       0x24 ..\obj\usbd_desc.o
                0x080025a4                USBD_USR_DeviceDescriptor
 .text.USBD_USR_LangIDStrDescriptor
                0x080025c8       0x24 ..\obj\usbd_desc.o
                0x080025c8                USBD_USR_LangIDStrDescriptor
 .text.USBD_USR_ProductStrDescriptor
                0x080025ec       0x28 ..\obj\usbd_desc.o
                0x080025ec                USBD_USR_ProductStrDescriptor
 .text.USBD_USR_ManufacturerStrDescriptor
                0x08002614       0x28 ..\obj\usbd_desc.o
                0x08002614                USBD_USR_ManufacturerStrDescriptor
 .text.USBD_USR_SerialStrDescriptor
                0x0800263c       0x28 ..\obj\usbd_desc.o
                0x0800263c                USBD_USR_SerialStrDescriptor
 .text.USBD_USR_ConfigStrDescriptor
                0x08002664       0x28 ..\obj\usbd_desc.o
                0x08002664                USBD_USR_ConfigStrDescriptor
 .text.USBD_USR_InterfaceStrDescriptor
                0x0800268c       0x28 ..\obj\usbd_desc.o
                0x0800268c                USBD_USR_InterfaceStrDescriptor
 .text.TM_USB_VCP_Init
                0x080026b4       0x58 ..\obj\tm_stm32f4_usb_vcp.o
                0x080026b4                TM_USB_VCP_Init
 .text.TM_USB_VCP_Getc
                0x0800270c       0x6c ..\obj\tm_stm32f4_usb_vcp.o
                0x0800270c                TM_USB_VCP_Getc
 .text.TM_USB_VCP_Putc
                0x08002778       0x28 ..\obj\tm_stm32f4_usb_vcp.o
                0x08002778                TM_USB_VCP_Putc
 .text.TM_INT_USB_VCP_AddReceived
                0x080027a0       0x5c ..\obj\tm_stm32f4_usb_vcp.o
                0x080027a0                TM_INT_USB_VCP_AddReceived
 .text.GPIO_Init
                0x080027fc      0x11c ..\obj\stm32f4xx_gpio.o
                0x080027fc                GPIO_Init
 .text.GPIO_PinAFConfig
                0x08002918       0x90 ..\obj\stm32f4xx_gpio.o
                0x08002918                GPIO_PinAFConfig
 .text.VCP_Init
                0x080029a8       0x10 ..\obj\usbd_cdc_vcp.o
 .text.VCP_DeInit
                0x080029b8       0x10 ..\obj\usbd_cdc_vcp.o
 .text.VCP_Ctrl
                0x080029c8      0x15c ..\obj\usbd_cdc_vcp.o
 .text.VCP_DataTx
                0x08002b24       0x5c ..\obj\usbd_cdc_vcp.o
                0x08002b24                VCP_DataTx
 .text.VCP_DataRx
                0x08002b80       0x38 ..\obj\usbd_cdc_vcp.o
                0x08002b80                VCP_DataRx
 .text.SystemInit
                0x08002bb8       0x5c ..\obj\system_stm32f4xx.o
                0x08002bb8                SystemInit
 .text.SetSysClock
                0x08002c14       0xf4 ..\obj\system_stm32f4xx.o
 .text.USB_OTG_BSP_Init
                0x08002d08       0xb0 ..\obj\usb_bsp.o
                0x08002d08                USB_OTG_BSP_Init
 .text.USB_OTG_BSP_EnableInterrupt
                0x08002db8       0x34 ..\obj\usb_bsp.o
                0x08002db8                USB_OTG_BSP_EnableInterrupt
 .text.USB_OTG_BSP_uDelay
                0x08002dec       0x48 ..\obj\usb_bsp.o
                0x08002dec                USB_OTG_BSP_uDelay
 .text.USB_OTG_BSP_mDelay
                0x08002e34       0x20 ..\obj\usb_bsp.o
                0x08002e34                USB_OTG_BSP_mDelay
 .text.OTG_FS_WKUP_IRQHandler
                0x08002e54       0x10 ..\obj\usb_bsp.o
                0x08002e54                OTG_FS_WKUP_IRQHandler
 .text.OTG_FS_IRQHandler
                0x08002e64       0x14 ..\obj\usb_bsp.o
                0x08002e64                OTG_FS_IRQHandler
 .text.USBD_StdDevReq
                0x08002e78       0xa0 ..\obj\usbd_req.o
                0x08002e78                USBD_StdDevReq
 .text.USBD_StdItfReq
                0x08002f18       0x68 ..\obj\usbd_req.o
                0x08002f18                USBD_StdItfReq
 .text.USBD_StdEPReq
                0x08002f80      0x1b0 ..\obj\usbd_req.o
                0x08002f80                USBD_StdEPReq
 .text.USBD_GetDescriptor
                0x08003130      0x1a8 ..\obj\usbd_req.o
 .text.USBD_SetAddress
                0x080032d8       0x7c ..\obj\usbd_req.o
 .text.USBD_SetConfig
                0x08003354       0xf4 ..\obj\usbd_req.o
 .text.USBD_GetConfig
                0x08003448       0x60 ..\obj\usbd_req.o
 .text.USBD_GetStatus
                0x080034a8       0x54 ..\obj\usbd_req.o
 .text.USBD_SetFeature
                0x080034fc       0xd8 ..\obj\usbd_req.o
 .text.USBD_ClrFeature
                0x080035d4       0x50 ..\obj\usbd_req.o
 .text.USBD_ParseSetupRequest
                0x08003624       0x90 ..\obj\usbd_req.o
                0x08003624                USBD_ParseSetupRequest
 .text.USBD_CtlError
                0x080036b4       0x28 ..\obj\usbd_req.o
                0x080036b4                USBD_CtlError
 .text.USBD_GetString
                0x080036dc       0x88 ..\obj\usbd_req.o
                0x080036dc                USBD_GetString
 .text.USBD_GetLen
                0x08003764       0x30 ..\obj\usbd_req.o
 .text.USBD_OTG_ISR_Handler
                0x08003794      0x15c ..\obj\usb_dcd_int.o
                0x08003794                USBD_OTG_ISR_Handler
 .text.DCD_HandleResume_ISR
                0x080038f0       0x80 ..\obj\usb_dcd_int.o
 .text.DCD_HandleUSBSuspend_ISR
                0x08003970       0xbc ..\obj\usb_dcd_int.o
 .text.DCD_HandleInEP_ISR
                0x08003a2c      0x19c ..\obj\usb_dcd_int.o
 .text.DCD_HandleOutEP_ISR
                0x08003bc8      0x150 ..\obj\usb_dcd_int.o
 .text.DCD_HandleSof_ISR
                0x08003d18       0x34 ..\obj\usb_dcd_int.o
 .text.DCD_HandleRxStatusQueueLevel_ISR
                0x08003d4c      0x104 ..\obj\usb_dcd_int.o
 .text.DCD_WriteEmptyTxFifo
                0x08003e50       0xe4 ..\obj\usb_dcd_int.o
 .text.DCD_HandleUsbReset_ISR
                0x08003f34      0x120 ..\obj\usb_dcd_int.o
 .text.DCD_HandleEnumDone_ISR
                0x08004054       0x78 ..\obj\usb_dcd_int.o
 .text.DCD_IsoINIncomplete_ISR
                0x080040cc       0x34 ..\obj\usb_dcd_int.o
 .text.DCD_IsoOUTIncomplete_ISR
                0x08004100       0x34 ..\obj\usb_dcd_int.o
 .text.DCD_ReadDevInEP
                0x08004134       0x50 ..\obj\usb_dcd_int.o
 .text.usbd_cdc_Init
                0x08004184       0x6c ..\obj\usbd_cdc_core.o
 .text.usbd_cdc_DeInit
                0x080041f0       0x38 ..\obj\usbd_cdc_core.o
 .text.usbd_cdc_Setup
                0x08004228      0x128 ..\obj\usbd_cdc_core.o
 .text.usbd_cdc_EP0_RxReady
                0x08004350       0x40 ..\obj\usbd_cdc_core.o
 .text.usbd_cdc_DataIn
                0x08004390       0x98 ..\obj\usbd_cdc_core.o
 .text.usbd_cdc_DataOut
                0x08004428       0x4c ..\obj\usbd_cdc_core.o
 .text.usbd_cdc_SOF
                0x08004474       0x30 ..\obj\usbd_cdc_core.o
 .text.Handle_USBAsynchXfer
                0x080044a4       0xd4 ..\obj\usbd_cdc_core.o
 .text.USBD_cdc_GetCfgDesc
                0x08004578       0x24 ..\obj\usbd_cdc_core.o
 .text.EXTI_ClearITPendingBit
                0x0800459c       0x1c ..\obj\stm32f4xx_exti.o
                0x0800459c                EXTI_ClearITPendingBit
 .text.NVIC_PriorityGroupConfig
                0x080045b8       0x24 ..\obj\misc.o
                0x080045b8                NVIC_PriorityGroupConfig
 .text.NVIC_Init
                0x080045dc       0xc0 ..\obj\misc.o
                0x080045dc                NVIC_Init
 .text.DCD_Init
                0x0800469c      0x108 ..\obj\usb_dcd.o
                0x0800469c                DCD_Init
 .text.DCD_EP_Open
                0x080047a4       0xb0 ..\obj\usb_dcd.o
                0x080047a4                DCD_EP_Open
 .text.DCD_EP_Close
                0x08004854       0x78 ..\obj\usb_dcd.o
                0x08004854                DCD_EP_Close
 .text.DCD_EP_PrepareRx
                0x080048cc       0x84 ..\obj\usb_dcd.o
                0x080048cc                DCD_EP_PrepareRx
 .text.DCD_EP_Tx
                0x08004950       0x78 ..\obj\usb_dcd.o
                0x08004950                DCD_EP_Tx
 .text.DCD_EP_Stall
                0x080049c8       0x7c ..\obj\usb_dcd.o
                0x080049c8                DCD_EP_Stall
 .text.DCD_EP_ClrStall
                0x08004a44       0x7c ..\obj\usb_dcd.o
                0x08004a44                DCD_EP_ClrStall
 .text.DCD_EP_SetAddress
                0x08004ac0       0x3c ..\obj\usb_dcd.o
                0x08004ac0                DCD_EP_SetAddress
 .text.USBD_CtlSendData
                0x08004afc       0x40 ..\obj\usbd_ioreq.o
                0x08004afc                USBD_CtlSendData
 .text.USBD_CtlContinueSendData
                0x08004b3c       0x28 ..\obj\usbd_ioreq.o
                0x08004b3c                USBD_CtlContinueSendData
 .text.USBD_CtlPrepareRx
                0x08004b64       0x40 ..\obj\usbd_ioreq.o
                0x08004b64                USBD_CtlPrepareRx
 .text.USBD_CtlContinueRx
                0x08004ba4       0x28 ..\obj\usbd_ioreq.o
                0x08004ba4                USBD_CtlContinueRx
 .text.USBD_CtlSendStatus
                0x08004bcc       0x30 ..\obj\usbd_ioreq.o
                0x08004bcc                USBD_CtlSendStatus
 .text.USBD_CtlReceiveStatus
                0x08004bfc       0x30 ..\obj\usbd_ioreq.o
                0x08004bfc                USBD_CtlReceiveStatus
 *(.init)
 *(.fini)
 *crtbegin.o(.ctors)
 *crtbegin?.o(.ctors)
 *(EXCLUDE_FILE(*crtend.o *crtend?.o) .ctors)
 *(SORT(.ctors.*))
 *(.ctors)
 *crtbegin.o(.dtors)
 *crtbegin?.o(.dtors)
 *(EXCLUDE_FILE(*crtend.o *crtend?.o) .dtors)
 *(SORT(.dtors.*))
 *(.dtors)
 *(.rodata*)
 .rodata        0x08004c2c       0x15 ..\obj\main.o
 *fill*         0x08004c41        0x3 
 .rodata        0x08004c44       0x62 ..\obj\usbd_desc.o
 *(.eh_fram e*)

.glue_7         0x08004ca8        0x0
 .glue_7        0x08004ca8        0x0 linker stubs

.glue_7t        0x08004ca8        0x0
 .glue_7t       0x08004ca8        0x0 linker stubs

.vfp11_veneer   0x08004ca8        0x0
 .vfp11_veneer  0x08004ca8        0x0 linker stubs

.v4_bx          0x08004ca8        0x0
 .v4_bx         0x08004ca8        0x0 linker stubs

.iplt           0x08004ca8        0x0
 .iplt          0x08004ca8        0x0 ..\obj\usb_core.o

.rel.dyn        0x08004ca8        0x0
 .rel.iplt      0x08004ca8        0x0 ..\obj\usb_core.o

.ARM.extab
 *(.ARM.extab* .gnu.linkonce.armextab.*)
                0x08004ca8                __exidx_start = .

.ARM.exidx
 *(.ARM.exidx* .gnu.linkonce.armexidx.*)
                0x08004ca8                __exidx_end = .
                0x08004ca8                __etext = .
                0x08004ca6                _sidata = __etext

.data           0x20000000      0x144 load address 0x08004ca6
                0x20000000                __data_start__ = .
                0x20000000                _sdata = __data_start__
 *(vtable)
 *(.data*)
 .data          0x20000000       0x20 ..\obj\usbd_usr.o
                0x20000000                TM_USB_VCP_INT_Status
                0x20000004                USR_cb
 .data          0x20000020       0x30 ..\obj\usbd_core.o
                0x20000020                USBD_DCD_INT_cb
                0x2000004c                USBD_DCD_INT_fops
 .data          0x20000050       0x10 ..\obj\stm32f4xx_rcc.o
 .data          0x20000060       0x40 ..\obj\usbd_desc.o
                0x20000060                USR_desc
                0x2000007c                USBD_DeviceDesc
                0x20000090                USBD_DeviceQualifierDesc
                0x2000009c                USBD_LangIDDesc
 .data          0x200000a0       0x1c ..\obj\usbd_cdc_vcp.o
                0x200000a0                linecoding
                0x200000a8                VCP_fops
 .data          0x200000bc       0x14 ..\obj\system_stm32f4xx.o
                0x200000bc                SystemCoreClock
                0x200000c0                AHBPrescTable
 .data          0x200000d0       0x74 ..\obj\usbd_cdc_core.o
                0x200000d0                usbd_cdc_CfgDesc
                0x20000118                USBD_CDC_cb
                0x20000144                . = ALIGN (0x4)
                [!provide]                PROVIDE (__preinit_array_start, .)
 *(.preinit_array)
                [!provide]                PROVIDE (__preinit_array_end, .)
                0x20000144                . = ALIGN (0x4)
                [!provide]                PROVIDE (__init_array_start, .)
 *(SORT(.init_array.*))
 *(.init_array)
                [!provide]                PROVIDE (__init_array_end, .)
                0x20000144                . = ALIGN (0x4)
                [!provide]                PROVIDE (__fini_array_start, .)
 *(SORT(.fini_array.*))
 *(.fini_array)
                [!provide]                PROVIDE (__fini_array_end, .)
 *(.jcr*)
                0x20000144                . = ALIGN (0x4)
                0x20000144                __data_end__ = .
                0x20000144                _edata = __data_end__

.igot.plt       0x20000144        0x0 load address 0x08004dec
 .igot.plt      0x20000144        0x0 ..\obj\usb_core.o

.bss            0x20000144     0x1044 load address 0x08004dec
                0x20000144                . = ALIGN (0x4)
                0x20000144                __bss_start__ = .
                0x20000144                _sbss = __bss_start__
 *(.bss*)
 .bss           0x20000144        0x1 ..\obj\tm_stm32f4_usb_vcp.o
                0x20000144                TM_USB_VCP_INT_Init
 *fill*         0x20000145        0x3 
 .bss           0x20000148        0xd ..\obj\usbd_req.o
                0x20000148                USBD_ep_status
                0x2000014c                USBD_default_cfg
                0x20000150                USBD_cfg_status
 *fill*         0x20000155        0x3 
 .bss           0x20000158       0x1c ..\obj\usbd_cdc_core.o
                0x2000015c                APP_Rx_ptr_in
                0x20000160                APP_Rx_ptr_out
                0x20000164                APP_Rx_length
                0x20000168                USB_Tx_State
 *(COMMON)
 COMMON         0x20000174        0x4 ..\obj\usbd_core.o
                0x20000174                SET_TEST_MODE
 COMMON         0x20000178        0x1 ..\obj\main.o
                0x20000178                buff
 *fill*         0x20000179        0x3 
 COMMON         0x2000017c      0x680 ..\obj\tm_stm32f4_usb_vcp.o
                0x2000017c                tm_int_usb_vcp_buf_in
                0x20000180                tm_int_usb_vcp_buf_num
                0x20000184                tm_int_usb_vcp_buf_out
                0x20000188                TM_INT_USB_VCP_ReceiveBuffer
                0x20000208                USB_OTG_dev
 COMMON         0x200007fc       0xff ..\obj\usbd_req.o
                0x200007fc                USBD_StrDesc
 *fill*         0x200008fb        0x1 
 COMMON         0x200008fc      0x88c ..\obj\usbd_cdc_core.o
                0x200008fc                usbd_cdc_OtherCfgDesc
                0x20000940                USB_Rx_Buffer
                0x20000980                CmdBuff
                0x20000988                APP_Rx_Buffer
                0x20001188                . = ALIGN (0x4)
                0x20001188                __bss_end__ = .
                0x20001188                _ebss = __bss_end__

.heap           0x20001188        0x0
                0x20001188                __end__ = .
                0x20001188                _end = __end__
                0x20001188                end = __end__
 *(.heap*)
                0x20001188                __HeapLimit = .

.co_stack       0x20001188      0x800 load address 0x08005e30
                0x20001188                . = ALIGN (0x8)
 *(.co_stack .co_stack.*)
 .co_stack      0x20001188      0x800 ..\obj\startup_stm32f4xx.o
                0x20001188                pulStack
                0x20020000                __StackTop = (ORIGIN (ram) + LENGTH (ram))
                0x2001f800                __StackLimit = (__StackTop - SIZEOF (.co_stack))
                [!provide]                PROVIDE (__stack, __StackTop)
                0x00000001                ASSERT ((__StackLimit >= __HeapLimit), region ram  overflowed with stack)
LOAD ..\obj\usb_core.o
LOAD ..\obj\usbd_usr.o
LOAD ..\obj\stm32f4xx_usart.o
LOAD ..\obj\startup_stm32f4xx.o
LOAD ..\obj\usbd_core.o
LOAD ..\obj\main.o
LOAD ..\obj\stm32f4xx_rcc.o
LOAD ..\obj\printf.o
LOAD ..\obj\usbd_desc.o
LOAD ..\obj\tm_stm32f4_usb_vcp.o
LOAD ..\obj\stm32f4xx_gpio.o
LOAD ..\obj\usbd_cdc_vcp.o
LOAD ..\obj\system_stm32f4xx.o
LOAD ..\obj\syscalls.o
LOAD ..\obj\usb_bsp.o
LOAD ..\obj\usbd_req.o
LOAD ..\obj\usb_dcd_int.o
LOAD ..\obj\usbd_cdc_core.o
LOAD ..\obj\stm32f4xx_exti.o
LOAD ..\obj\misc.o
LOAD ..\obj\usb_dcd.o
LOAD ..\obj\usbd_ioreq.o
START GROUP
LOAD e:/gcc toolchain/5.4 2016q3/bin/../lib/gcc/arm-none-eabi/5.4.1/armv7e-m\libgcc.a
LOAD e:/gcc toolchain/5.4 2016q3/bin/../lib/gcc/arm-none-eabi/5.4.1/../../../../arm-none-eabi/lib/armv7e-m\libg.a
LOAD e:/gcc toolchain/5.4 2016q3/bin/../lib/gcc/arm-none-eabi/5.4.1/../../../../arm-none-eabi/lib/armv7e-m\libc.a
END GROUP
OUTPUT(usart.elf elf32-littlearm)

.debug_info     0x00000000     0xf8af
 .debug_info    0x00000000     0x24b2 ..\obj\usb_core.o
 .debug_info    0x000024b2      0x251 ..\obj\usbd_usr.o
 .debug_info    0x00002703      0x9ca ..\obj\stm32f4xx_usart.o
 .debug_info    0x000030cd       0xf2 ..\obj\startup_stm32f4xx.o
 .debug_info    0x000031bf     0x100d ..\obj\usbd_core.o
 .debug_info    0x000041cc      0x7c9 ..\obj\main.o
 .debug_info    0x00004995      0xc63 ..\obj\stm32f4xx_rcc.o
 .debug_info    0x000055f8      0xe4a ..\obj\printf.o
 .debug_info    0x00006442      0x36f ..\obj\usbd_desc.o
 .debug_info    0x000067b1      0xe92 ..\obj\tm_stm32f4_usb_vcp.o
 .debug_info    0x00007643      0x61a ..\obj\stm32f4xx_gpio.o
 .debug_info    0x00007c5d      0x32e ..\obj\usbd_cdc_vcp.o
 .debug_info    0x00007f8b      0x5c5 ..\obj\system_stm32f4xx.o
 .debug_info    0x00008550     0x102b ..\obj\usb_bsp.o
 .debug_info    0x0000957b     0x1002 ..\obj\usbd_req.o
 .debug_info    0x0000a57d     0x1de8 ..\obj\usb_dcd_int.o
 .debug_info    0x0000c365      0xf39 ..\obj\usbd_cdc_core.o
 .debug_info    0x0000d29e      0x357 ..\obj\stm32f4xx_exti.o
 .debug_info    0x0000d5f5      0x556 ..\obj\misc.o
 .debug_info    0x0000db4b     0x1066 ..\obj\usb_dcd.o
 .debug_info    0x0000ebb1      0xcfe ..\obj\usbd_ioreq.o

.debug_abbrev   0x00000000     0x2637
 .debug_abbrev  0x00000000      0x2ed ..\obj\usb_core.o
 .debug_abbrev  0x000002ed      0x111 ..\obj\usbd_usr.o
 .debug_abbrev  0x000003fe      0x157 ..\obj\stm32f4xx_usart.o
 .debug_abbrev  0x00000555       0xb0 ..\obj\startup_stm32f4xx.o
 .debug_abbrev  0x00000605      0x279 ..\obj\usbd_core.o
 .debug_abbrev  0x0000087e      0x1a5 ..\obj\main.o
 .debug_abbrev  0x00000a23      0x1e5 ..\obj\stm32f4xx_rcc.o
 .debug_abbrev  0x00000c08      0x287 ..\obj\printf.o
 .debug_abbrev  0x00000e8f      0x103 ..\obj\usbd_desc.o
 .debug_abbrev  0x00000f92      0x216 ..\obj\tm_stm32f4_usb_vcp.o
 .debug_abbrev  0x000011a8      0x1a7 ..\obj\stm32f4xx_gpio.o
 .debug_abbrev  0x0000134f      0x17d ..\obj\usbd_cdc_vcp.o
 .debug_abbrev  0x000014cc      0x138 ..\obj\system_stm32f4xx.o
 .debug_abbrev  0x00001604      0x213 ..\obj\usb_bsp.o
 .debug_abbrev  0x00001817      0x2a8 ..\obj\usbd_req.o
 .debug_abbrev  0x00001abf      0x25f ..\obj\usb_dcd_int.o
 .debug_abbrev  0x00001d1e      0x219 ..\obj\usbd_cdc_core.o
 .debug_abbrev  0x00001f37      0x1a9 ..\obj\stm32f4xx_exti.o
 .debug_abbrev  0x000020e0      0x147 ..\obj\misc.o
 .debug_abbrev  0x00002227      0x25d ..\obj\usb_dcd.o
 .debug_abbrev  0x00002484      0x1b3 ..\obj\usbd_ioreq.o

.debug_aranges  0x00000000      0xa68
 .debug_aranges
                0x00000000      0x138 ..\obj\usb_core.o
 .debug_aranges
                0x00000138       0x58 ..\obj\usbd_usr.o
 .debug_aranges
                0x00000190      0x100 ..\obj\stm32f4xx_usart.o
 .debug_aranges
                0x00000290       0x28 ..\obj\startup_stm32f4xx.o
 .debug_aranges
                0x000002b8       0x88 ..\obj\usbd_core.o
 .debug_aranges
                0x00000340       0x38 ..\obj\main.o
 .debug_aranges
                0x00000378      0x178 ..\obj\stm32f4xx_rcc.o
 .debug_aranges
                0x000004f0       0xa0 ..\obj\printf.o
 .debug_aranges
                0x00000590       0x50 ..\obj\usbd_desc.o
 .debug_aranges
                0x000005e0       0x78 ..\obj\tm_stm32f4_usb_vcp.o
 .debug_aranges
                0x00000658       0x88 ..\obj\stm32f4xx_gpio.o
 .debug_aranges
                0x000006e0       0x40 ..\obj\usbd_cdc_vcp.o
 .debug_aranges
                0x00000720       0x30 ..\obj\system_stm32f4xx.o
 .debug_aranges
                0x00000750       0x48 ..\obj\usb_bsp.o
 .debug_aranges
                0x00000798       0x88 ..\obj\usbd_req.o
 .debug_aranges
                0x00000820       0x80 ..\obj\usb_dcd_int.o
 .debug_aranges
                0x000008a0       0x60 ..\obj\usbd_cdc_core.o
 .debug_aranges
                0x00000900       0x58 ..\obj\stm32f4xx_exti.o
 .debug_aranges
                0x00000958       0x40 ..\obj\misc.o
 .debug_aranges
                0x00000998       0x80 ..\obj\usb_dcd.o
 .debug_aranges
                0x00000a18       0x50 ..\obj\usbd_ioreq.o

.debug_ranges   0x00000000      0x918
 .debug_ranges  0x00000000      0x128 ..\obj\usb_core.o
 .debug_ranges  0x00000128       0x48 ..\obj\usbd_usr.o
 .debug_ranges  0x00000170       0xf0 ..\obj\stm32f4xx_usart.o
 .debug_ranges  0x00000260       0x18 ..\obj\startup_stm32f4xx.o
 .debug_ranges  0x00000278       0x78 ..\obj\usbd_core.o
 .debug_ranges  0x000002f0       0x28 ..\obj\main.o
 .debug_ranges  0x00000318      0x168 ..\obj\stm32f4xx_rcc.o
 .debug_ranges  0x00000480       0x90 ..\obj\printf.o
 .debug_ranges  0x00000510       0x40 ..\obj\usbd_desc.o
 .debug_ranges  0x00000550       0x68 ..\obj\tm_stm32f4_usb_vcp.o
 .debug_ranges  0x000005b8       0x78 ..\obj\stm32f4xx_gpio.o
 .debug_ranges  0x00000630       0x30 ..\obj\usbd_cdc_vcp.o
 .debug_ranges  0x00000660       0x20 ..\obj\system_stm32f4xx.o
 .debug_ranges  0x00000680       0x38 ..\obj\usb_bsp.o
 .debug_ranges  0x000006b8       0x78 ..\obj\usbd_req.o
 .debug_ranges  0x00000730       0x70 ..\obj\usb_dcd_int.o
 .debug_ranges  0x000007a0       0x50 ..\obj\usbd_cdc_core.o
 .debug_ranges  0x000007f0       0x48 ..\obj\stm32f4xx_exti.o
 .debug_ranges  0x00000838       0x30 ..\obj\misc.o
 .debug_ranges  0x00000868       0x70 ..\obj\usb_dcd.o
 .debug_ranges  0x000008d8       0x40 ..\obj\usbd_ioreq.o

.debug_line     0x00000000     0x3b2a
 .debug_line    0x00000000      0x68f ..\obj\usb_core.o
 .debug_line    0x0000068f      0x1e5 ..\obj\usbd_usr.o
 .debug_line    0x00000874      0x46f ..\obj\stm32f4xx_usart.o
 .debug_line    0x00000ce3       0x95 ..\obj\startup_stm32f4xx.o
 .debug_line    0x00000d78      0x2dc ..\obj\usbd_core.o
 .debug_line    0x00001054      0x264 ..\obj\main.o
 .debug_line    0x000012b8      0x55b ..\obj\stm32f4xx_rcc.o
 .debug_line    0x00001813      0x313 ..\obj\printf.o
 .debug_line    0x00001b26      0x1ba ..\obj\usbd_desc.o
 .debug_line    0x00001ce0      0x2f2 ..\obj\tm_stm32f4_usb_vcp.o
 .debug_line    0x00001fd2      0x316 ..\obj\stm32f4xx_gpio.o
 .debug_line    0x000022e8      0x1de ..\obj\usbd_cdc_vcp.o
 .debug_line    0x000024c6      0x1b0 ..\obj\system_stm32f4xx.o
 .debug_line    0x00002676      0x242 ..\obj\usb_bsp.o
 .debug_line    0x000028b8      0x3aa ..\obj\usbd_req.o
 .debug_line    0x00002c62      0x368 ..\obj\usb_dcd_int.o
 .debug_line    0x00002fca      0x24f ..\obj\usbd_cdc_core.o
 .debug_line    0x00003219      0x257 ..\obj\stm32f4xx_exti.o
 .debug_line    0x00003470      0x1f4 ..\obj\misc.o
 .debug_line    0x00003664      0x2ee ..\obj\usb_dcd.o
 .debug_line    0x00003952      0x1d8 ..\obj\usbd_ioreq.o

.debug_str      0x00000000     0x40f3
 .debug_str     0x00000000     0x1372 ..\obj\usb_core.o
                               0x16b5 (size before relaxing)
 .debug_str     0x00001372      0x1e6 ..\obj\usbd_usr.o
                                0x3e9 (size before relaxing)
 .debug_str     0x00001558      0x4fc ..\obj\stm32f4xx_usart.o
                                0x683 (size before relaxing)
 .debug_str     0x00001a54       0xa4 ..\obj\startup_stm32f4xx.o
                                0x13b (size before relaxing)
 .debug_str     0x00001af8      0x1a3 ..\obj\usbd_core.o
                                0xbcd (size before relaxing)
 .debug_str     0x00001c9b      0x799 ..\obj\main.o
                                0xb05 (size before relaxing)
 .debug_str     0x00002434      0x5d1 ..\obj\stm32f4xx_rcc.o
                                0x844 (size before relaxing)
 .debug_str     0x00002a05      0x4ba ..\obj\printf.o
                                0x65d (size before relaxing)
 .debug_str     0x00002ebf      0x158 ..\obj\usbd_desc.o
                                0x3bb (size before relaxing)
 .debug_str     0x00003017      0x23f ..\obj\tm_stm32f4_usb_vcp.o
                                0xc90 (size before relaxing)
 .debug_str     0x00003256      0x197 ..\obj\stm32f4xx_gpio.o
                                0x497 (size before relaxing)
 .debug_str     0x000033ed       0xe8 ..\obj\usbd_cdc_vcp.o
                                0x2ee (size before relaxing)
 .debug_str     0x000034d5       0xfc ..\obj\system_stm32f4xx.o
                                0x39e (size before relaxing)
 .debug_str     0x000035d1       0xc1 ..\obj\usb_bsp.o
                               0x1126 (size before relaxing)
 .debug_str     0x00003692      0x160 ..\obj\usbd_req.o
                                0xb59 (size before relaxing)
 .debug_str     0x000037f2      0x290 ..\obj\usb_dcd_int.o
                               0x132a (size before relaxing)
 .debug_str     0x00003a82      0x188 ..\obj\usbd_cdc_core.o
                                0xb68 (size before relaxing)
 .debug_str     0x00003c0a      0x1ce ..\obj\stm32f4xx_exti.o
                                0x34d (size before relaxing)
 .debug_str     0x00003dd8      0x155 ..\obj\misc.o
                                0x3c2 (size before relaxing)
 .debug_str     0x00003f2d      0x106 ..\obj\usb_dcd.o
                                0xb7d (size before relaxing)
 .debug_str     0x00004033       0xc0 ..\obj\usbd_ioreq.o
                                0xa09 (size before relaxing)

.comment        0x00000000       0x6e
 .comment       0x00000000       0x6e ..\obj\usb_core.o
                                 0x6f (size before relaxing)
 .comment       0x0000006e       0x6f ..\obj\usbd_usr.o
 .comment       0x0000006e       0x6f ..\obj\stm32f4xx_usart.o
 .comment       0x0000006e       0x6f ..\obj\startup_stm32f4xx.o
 .comment       0x0000006e       0x6f ..\obj\usbd_core.o
 .comment       0x0000006e       0x6f ..\obj\main.o
 .comment       0x0000006e       0x6f ..\obj\stm32f4xx_rcc.o
 .comment       0x0000006e       0x6f ..\obj\printf.o
 .comment       0x0000006e       0x6f ..\obj\usbd_desc.o
 .comment       0x0000006e       0x6f ..\obj\tm_stm32f4_usb_vcp.o
 .comment       0x0000006e       0x6f ..\obj\stm32f4xx_gpio.o
 .comment       0x0000006e       0x6f ..\obj\usbd_cdc_vcp.o
 .comment       0x0000006e       0x6f ..\obj\system_stm32f4xx.o
 .comment       0x0000006e       0x6f ..\obj\usb_bsp.o
 .comment       0x0000006e       0x6f ..\obj\usbd_req.o
 .comment       0x0000006e       0x6f ..\obj\usb_dcd_int.o
 .comment       0x0000006e       0x6f ..\obj\usbd_cdc_core.o
 .comment       0x0000006e       0x6f ..\obj\stm32f4xx_exti.o
 .comment       0x0000006e       0x6f ..\obj\misc.o
 .comment       0x0000006e       0x6f ..\obj\usb_dcd.o
 .comment       0x0000006e       0x6f ..\obj\usbd_ioreq.o

.ARM.attributes
                0x00000000       0x33
 .ARM.attributes
                0x00000000       0x33 ..\obj\usb_core.o
 .ARM.attributes
                0x00000033       0x33 ..\obj\usbd_usr.o
 .ARM.attributes
                0x00000066       0x33 ..\obj\stm32f4xx_usart.o
 .ARM.attributes
                0x00000099       0x33 ..\obj\startup_stm32f4xx.o
 .ARM.attributes
                0x000000cc       0x33 ..\obj\usbd_core.o
 .ARM.attributes
                0x000000ff       0x33 ..\obj\main.o
 .ARM.attributes
                0x00000132       0x33 ..\obj\stm32f4xx_rcc.o
 .ARM.attributes
                0x00000165       0x33 ..\obj\printf.o
 .ARM.attributes
                0x00000198       0x33 ..\obj\usbd_desc.o
 .ARM.attributes
                0x000001cb       0x33 ..\obj\tm_stm32f4_usb_vcp.o
 .ARM.attributes
                0x000001fe       0x33 ..\obj\stm32f4xx_gpio.o
 .ARM.attributes
                0x00000231       0x33 ..\obj\usbd_cdc_vcp.o
 .ARM.attributes
                0x00000264       0x33 ..\obj\system_stm32f4xx.o
 .ARM.attributes
                0x00000297       0x33 ..\obj\usb_bsp.o
 .ARM.attributes
                0x000002ca       0x33 ..\obj\usbd_req.o
 .ARM.attributes
                0x000002fd       0x33 ..\obj\usb_dcd_int.o
 .ARM.attributes
                0x00000330       0x33 ..\obj\usbd_cdc_core.o
 .ARM.attributes
                0x00000363       0x33 ..\obj\stm32f4xx_exti.o
 .ARM.attributes
                0x00000396       0x33 ..\obj\misc.o
 .ARM.attributes
                0x000003c9       0x33 ..\obj\usb_dcd.o
 .ARM.attributes
                0x000003fc       0x33 ..\obj\usbd_ioreq.o

.debug_frame    0x00000000     0x296c
 .debug_frame   0x00000000      0x584 ..\obj\usb_core.o
 .debug_frame   0x00000584      0x118 ..\obj\usbd_usr.o
 .debug_frame   0x0000069c      0x490 ..\obj\stm32f4xx_usart.o
 .debug_frame   0x00000b2c       0x4c ..\obj\startup_stm32f4xx.o
 .debug_frame   0x00000b78      0x210 ..\obj\usbd_core.o
 .debug_frame   0x00000d88       0x9c ..\obj\main.o
 .debug_frame   0x00000e24      0x6d4 ..\obj\stm32f4xx_rcc.o
 .debug_frame   0x000014f8      0x2dc ..\obj\printf.o
 .debug_frame   0x000017d4      0x114 ..\obj\usbd_desc.o
 .debug_frame   0x000018e8      0x1c4 ..\obj\tm_stm32f4_usb_vcp.o
 .debug_frame   0x00001aac      0x23c ..\obj\stm32f4xx_gpio.o
 .debug_frame   0x00001ce8       0xc4 ..\obj\usbd_cdc_vcp.o
 .debug_frame   0x00001dac       0x7c ..\obj\system_stm32f4xx.o
 .debug_frame   0x00001e28       0xdc ..\obj\usb_bsp.o
 .debug_frame   0x00001f04      0x210 ..\obj\usbd_req.o
 .debug_frame   0x00002114      0x1e8 ..\obj\usb_dcd_int.o
 .debug_frame   0x000022fc      0x158 ..\obj\usbd_cdc_core.o
 .debug_frame   0x00002454      0x148 ..\obj\stm32f4xx_exti.o
 .debug_frame   0x0000259c       0xd8 ..\obj\misc.o
 .debug_frame   0x00002674      0x1e8 ..\obj\usb_dcd.o
 .debug_frame   0x0000285c      0x110 ..\obj\usbd_ioreq.o
